---
source: crates/ccusage/tests/provider_summary_cli.rs
expression: table
---
┌──────────┬───────────────┬───────────────┬───────────┬───────────┬────────────┬────────────┬────────────┬────────────┐
│ Period   │ Agent         │ Models        │     Input │    Output │      Cache │ Cache Read │      Total │ Cost (USD) │
│          │ / Provider    │               │           │           │     Create │            │     Tokens │            │
├──────────┼───────────────┼───────────────┼───────────┼───────────┼────────────┼────────────┼────────────┼────────────┤
│ Summary  │ omp           │               │        50 │         1 │          0 │          0 │         51 │      $5.00 │
├──────────┼───────────────┼───────────────┼───────────┼───────────┼────────────┼────────────┼────────────┼────────────┤
│          │   - alpha     │               │        50 │         1 │          0 │          0 │         51 │      $5.00 │
├──────────┼───────────────┼───────────────┼───────────┼───────────┼────────────┼────────────┼────────────┼────────────┤
│          │               │ └─ [omp]      │        50 │         1 │          0 │          0 │         51 │      $5.00 │
│          │               │ alpha/same-m… │           │           │            │            │            │            │
├──────────┼───────────────┼───────────────┼───────────┼───────────┼────────────┼────────────┼────────────┼────────────┤
│ Summary  │ pi-agent      │               │       100 │         4 │          0 │          0 │        104 │     $10.00 │
├──────────┼───────────────┼───────────────┼───────────┼───────────┼────────────┼────────────┼────────────┼────────────┤
│          │ - Provider    │               │        40 │         1 │          0 │          0 │         41 │      $4.00 │
│          │ not recorded  │               │           │           │            │            │            │            │
├──────────┼───────────────┼───────────────┼───────────┼───────────┼────────────┼────────────┼────────────┼────────────┤
│          │               │ └─ [pi]       │        40 │         1 │          0 │          0 │         41 │      $4.00 │
│          │               │ same-model    │           │           │            │            │            │            │
├──────────┼───────────────┼───────────────┼───────────┼───────────┼────────────┼────────────┼────────────┼────────────┤
│          │   - alpha     │               │        40 │         2 │          0 │          0 │         42 │      $4.00 │
├──────────┼───────────────┼───────────────┼───────────┼───────────┼────────────┼────────────┼────────────┼────────────┤
│          │               │ └─ [pi]       │        40 │         2 │          0 │          0 │         42 │      $4.00 │
│          │               │ alpha/same-m… │           │           │            │            │            │            │
├──────────┼───────────────┼───────────────┼───────────┼───────────┼────────────┼────────────┼────────────┼────────────┤
│          │   - beta      │               │        20 │         1 │          0 │          0 │         21 │      $2.00 │
├──────────┼───────────────┼───────────────┼───────────┼───────────┼────────────┼────────────┼────────────┼────────────┤
│          │               │ └─ [pi]       │        20 │         1 │          0 │          0 │         21 │      $2.00 │
│          │               │ beta/same-mo… │           │           │            │            │            │            │
├──────────┼───────────────┼───────────────┼───────────┼───────────┼────────────┼────────────┼────────────┼────────────┤
│ Total    │               │               │       150 │         5 │          0 │          0 │        155 │     $15.00 │
└──────────┴───────────────┴───────────────┴───────────┴───────────┴────────────┴────────────┴────────────┴────────────┘
Agent and provider rows are subtotals. Total counts usage once.
